Component: ARM Compiler 6.14 Tool: armlink [5db06800]

==============================================================================

Section Cross References

    main.o(.text) refers (Special) to _printf_d.o(.ARM.Collect$$_printf_percent$$00000009) for _printf_d
    main.o(.text) refers (Special) to _printf_dec.o(.text) for _printf_int_dec
    main.o(.text) refers (Special) to _printf_percent.o(.ARM.Collect$$_printf_percent$$00000000) for _printf_percent
    main.o(.text) refers (Special) to _printf_s.o(.ARM.Collect$$_printf_percent$$00000014) for _printf_s
    main.o(.text) refers (Special) to _printf_str.o(.text) for _printf_str
    main.o(.text) refers (Special) to _scanf_str.o(.text) for _scanf_string
    main.o(.text.main) refers (Special) to _printf_d.o(.ARM.Collect$$_printf_percent$$00000009) for _printf_d
    main.o(.text.main) refers (Special) to _printf_dec.o(.text) for _printf_int_dec
    main.o(.text.main) refers (Special) to _printf_percent.o(.ARM.Collect$$_printf_percent$$00000000) for _printf_percent
    main.o(.text.main) refers (Special) to _printf_s.o(.ARM.Collect$$_printf_percent$$00000014) for _printf_s
    main.o(.text.main) refers (Special) to _printf_str.o(.text) for _printf_str
    main.o(.text.main) refers (Special) to _scanf_str.o(.text) for _scanf_string
    main.o(.text.main) refers to uart.o(.text.uart_init) for uart_init
    main.o(.text.main) refers to uart.o(.text.uart_enable) for uart_enable
    main.o(.text.main) refers to puts.o(.text) for puts
    main.o(.text.main) refers to main.o(.rodata.str1.1) for .L.str.1
    main.o(.text.main) refers to __0scanf.o(.text) for __0scanf
    main.o(.text.main) refers to assembly.o(.text) for hash_function
    main.o(.text.main) refers to noretval__2printf.o(.text) for __2printf
    main.o(.text.main) refers to main.o(.rodata..L__const.main.str1) for .L__const.main.str1
    main.o(.text.main) refers to rt_memcpy_w.o(.text) for __aeabi_memcpy4
    main.o(.text.main) refers to noretval__2sprintf.o(.text) for __2sprintf
    main.o(.text.main) refers to strcat.o(.text) for strcat
    main.o(.text.main) refers to uart.o(.text.uart_print) for uart_print
    main.o(.text.main) refers to main.o(.rodata..L__const.main.str3) for .L__const.main.str3
    main.o(.ARM.exidx.text.main) refers (Special) to _printf_d.o(.ARM.Collect$$_printf_percent$$00000009) for _printf_d
    main.o(.ARM.exidx.text.main) refers (Special) to _printf_dec.o(.text) for _printf_int_dec
    main.o(.ARM.exidx.text.main) refers (Special) to _printf_percent.o(.ARM.Collect$$_printf_percent$$00000000) for _printf_percent
    main.o(.ARM.exidx.text.main) refers (Special) to _printf_s.o(.ARM.Collect$$_printf_percent$$00000014) for _printf_s
    main.o(.ARM.exidx.text.main) refers (Special) to _printf_str.o(.text) for _printf_str
    main.o(.ARM.exidx.text.main) refers (Special) to _scanf_str.o(.text) for _scanf_string
    main.o(.ARM.exidx.text.main) refers to main.o(.text.main) for [Anonymous Symbol]
    main.o(.data.lookup_table) refers (Special) to _printf_d.o(.ARM.Collect$$_printf_percent$$00000009) for _printf_d
    main.o(.data.lookup_table) refers (Special) to _printf_dec.o(.text) for _printf_int_dec
    main.o(.data.lookup_table) refers (Special) to _printf_percent.o(.ARM.Collect$$_printf_percent$$00000000) for _printf_percent
    main.o(.data.lookup_table) refers (Special) to _printf_s.o(.ARM.Collect$$_printf_percent$$00000014) for _printf_s
    main.o(.data.lookup_table) refers (Special) to _printf_str.o(.text) for _printf_str
    main.o(.data.lookup_table) refers (Special) to _scanf_str.o(.text) for _scanf_string
    main.o(.rodata.str1.1) refers (Special) to _printf_d.o(.ARM.Collect$$_printf_percent$$00000009) for _printf_d
    main.o(.rodata.str1.1) refers (Special) to _printf_dec.o(.text) for _printf_int_dec
    main.o(.rodata.str1.1) refers (Special) to _printf_percent.o(.ARM.Collect$$_printf_percent$$00000000) for _printf_percent
    main.o(.rodata.str1.1) refers (Special) to _printf_s.o(.ARM.Collect$$_printf_percent$$00000014) for _printf_s
    main.o(.rodata.str1.1) refers (Special) to _printf_str.o(.text) for _printf_str
    main.o(.rodata.str1.1) refers (Special) to _scanf_str.o(.text) for _scanf_string
    main.o(.rodata..L__const.main.str1) refers (Special) to _printf_d.o(.ARM.Collect$$_printf_percent$$00000009) for _printf_d
    main.o(.rodata..L__const.main.str1) refers (Special) to _printf_dec.o(.text) for _printf_int_dec
    main.o(.rodata..L__const.main.str1) refers (Special) to _printf_percent.o(.ARM.Collect$$_printf_percent$$00000000) for _printf_percent
    main.o(.rodata..L__const.main.str1) refers (Special) to _printf_s.o(.ARM.Collect$$_printf_percent$$00000014) for _printf_s
    main.o(.rodata..L__const.main.str1) refers (Special) to _printf_str.o(.text) for _printf_str
    main.o(.rodata..L__const.main.str1) refers (Special) to _scanf_str.o(.text) for _scanf_string
[...]
    ../clib/stdio.c                          0x00000000   Number         0  flsbuf.o ABSOLUTE
    ../clib/stdio.c                          0x00000000   Number         0  initio.o ABSOLUTE
    ../clib/stdio.c                          0x00000000   Number         0  fgetc_locked.o ABSOLUTE
    ../clib/stdio.c                          0x00000000   Number         0  backspace_locked.o ABSOLUTE
    ../clib/stdio.c                          0x00000000   Number         0  ferror_locked.o ABSOLUTE
    ../clib/stdio.c                          0x00000000   Number         0  initio_locked.o ABSOLUTE
    ../clib/stdio.c                          0x00000000   Number         0  filbuf.o ABSOLUTE
    ../clib/stdio.c                          0x00000000   Number         0  setvbuf.o ABSOLUTE
    ../clib/stdio.c                          0x00000000   Number         0  stdio.o ABSOLUTE
    ../clib/stdio.c                          0x00000000   Number         0  ungetc.o ABSOLUTE
    ../clib/stdio.c                          0x00000000   Number         0  fwritefast.o ABSOLUTE
    ../clib/stdio.c                          0x00000000   Number         0  streamlock.o ABSOLUTE
    ../clib/stdio.c                          0x00000000   Number         0  fopen.o ABSOLUTE
    ../clib/stdio.c                          0x00000000   Number         0  fclose.o ABSOLUTE
    ../clib/stdio.c                          0x00000000   Number         0  puts_locked.o ABSOLUTE
    ../clib/stdio.c                          0x00000000   Number         0  setvbuf_locked.o ABSOLUTE
    ../clib/stdio.c                          0x00000000   Number         0  fopen_locked.o ABSOLUTE
    ../clib/stdio.c                          0x00000000   Number         0  fwritefast_locked.o ABSOLUTE
    ../clib/stdio.c                          0x00000000   Number         0  fflush.o ABSOLUTE
    ../clib/stdio.c                          0x00000000   Number         0  fputs.o ABSOLUTE
    ../clib/stdio.c                          0x00000000   Number         0  fseek.o ABSOLUTE
    ../clib/stdio.c                          0x00000000   Number         0  freadfast.o ABSOLUTE
    ../clib/stdio.c                          0x00000000   Number         0  fread_bytes_avail.o ABSOLUTE
    ../clib/stdio.c                          0x00000000   Number         0  flushlinebuffered.o ABSOLUTE
    ../clib/stdio.c                          0x00000000   Number         0  fputs_locked.o ABSOLUTE
    ../clib/stdio.c                          0x00000000   Number         0  fflush_locked.o ABSOLUTE
    ../clib/stdio.c                          0x00000000   Number         0  freadfast_locked.o ABSOLUTE
    ../clib/stdio.c                          0x00000000   Number         0  fread_bytes_avail_locked.o ABSOLUTE
    ../clib/stdio.c                          0x00000000   Number         0  flushlinebuffered_locked.o ABSOLUTE
    ../clib/stdio.c                          0x00000000   Number         0  ftell.o ABSOLUTE
    ../clib/stdlib.c                         0x00000000   Number         0  abort.o ABSOLUTE
    ../clib/stdlib.c                         0x00000000   Number         0  exit.o ABSOLUTE
    ../clib/string.c                         0x00000000   Number         0  strcat.o ABSOLUTE
    ../clib/wchar.c                          0x00000000   Number         0  flsbuf_fwide.o ABSOLUTE
    ../clib/wchar.c                          0x00000000   Number         0  filbuf_fwide.o ABSOLUTE
    ../fplib/ddiv.s                          0x00000000   Number         0  ddiv.o ABSOLUTE
    ../fplib/dfixu.s                         0x00000000   Number         0  dfixu.o ABSOLUTE
    ../fplib/dflt.s                          0x00000000   Number         0  dflt_clz.o ABSOLUTE
    ../fplib/dnaninf.s                       0x00000000   Number         0  dnaninf.o ABSOLUTE
    ../fplib/dretinf.s                       0x00000000   Number         0  dretinf.o ABSOLUTE
    ../fplib/fpinit.s                        0x00000000   Number         0  fpinit.o ABSOLUTE
    ../fplib/usenofp.s                       0x00000000   Number         0  usenofp.o ABSOLUTE
    RTE/Device/STM32F411RETx/startup_stm32f411xe.s 0x00000000   Number         0  startup_stm32f411xe.o ABSOLUTE
    Unwind-EHABI.cpp                         0x00000000   Number         0  Unwind-EHABI.cpp.o ABSOLUTE
    adc.c                                    0x00000000   Number         0  adc.o ABSOLUTE
    comparator.c                             0x00000000   Number         0  comparator.o ABSOLUTE
    dc.s                                     0x00000000   Number         0  dc.o ABSOLUTE
    gpio.c                                   0x00000000   Number         0  gpio.o ABSOLUTE
    i2c.c                                    0x00000000   Number         0  i2c.o ABSOLUTE
    leds.c                                   0x00000000   Number         0  leds.o ABSOLUTE
    libunwind.cpp                            0x00000000   Number         0  libunwind.cpp.o ABSOLUTE
    main.c                                   0x00000000   Number         0  main.o ABSOLUTE
    queue.c                                  0x00000000   Number         0  queue.o ABSOLUTE
    retarget_io.c                            0x00000000   Number         0  retarget_io.o ABSOLUTE
    stm32f4xx_adc.c                          0x00000000   Number         0  stm32f4xx_adc.o ABSOLUTE
    stm32f4xx_gpio.c                         0x00000000   Number         0  stm32f4xx_gpio.o ABSOLUTE
    stm32f4xx_i2c.c                          0x00000000   Number         0  stm32f4xx_i2c.o ABSOLUTE
    stm32f4xx_rcc.c                          0x00000000   Number         0  stm32f4xx_rcc.o ABSOLUTE
    stm32f4xx_usart.c                        0x00000000   Number         0  stm32f4xx_usart.o ABSOLUTE
    system_stm32f4xx.c                       0x00000000   Number         0  system_stm32f4xx.o ABSOLUTE
    timer.c                                  0x00000000   Number         0  timer.o ABSOLUTE
    uart.c                                   0x00000000   Number         0  uart.o ABSOLUTE
    RESET                                    0x08000000   Section      408  startup_stm32f411xe.o(RESET)
    !!!main                                  0x08000198   Section        8  __main.o(!!!main)
    !!!scatter                               0x080001a0   Section       52  __scatter.o(!!!scatter)
    !!handler_copy                           0x080001d4   Section       26  __scatter_copy.o(!!handler_copy)
    !!handler_zi                             0x080001f0   Section       28  __scatter_zi.o(!!handler_zi)
    .ARM.Collect$$_printf_percent$$00000000  0x0800020c   Section        0  _printf_percent.o(.ARM.Collect$$_printf_percent$$00000000)
    .ARM.Collect$$_printf_percent$$00000009  0x0800020c   Section        6  _printf_d.o(.ARM.Collect$$_printf_percent$$00000009)
    .ARM.Collect$$_printf_percent$$00000014  0x08000212   Section        6  _printf_s.o(.ARM.Collect$$_printf_percent$$00000014)
    .ARM.Collect$$_printf_percent$$00000017  0x08000218   Section        4  _printf_percent_end.o(.ARM.Collect$$_printf_percent$$00000017)
    .ARM.Collect$$libinit$$00000000          0x0800021c   Section        2  libinit.o(.ARM.Collect$$libinit$$00000000)
    .ARM.Collect$$libinit$$00000001          0x0800021e   Section        4  libinit2.o(.ARM.Collect$$libinit$$00000001)
    .ARM.Collect$$libinit$$00000004          0x08000222   Section        0  libinit2.o(.ARM.Collect$$libinit$$00000004)
    .ARM.Collect$$libinit$$00000005          0x08000222   Section        8  libinit2.o(.ARM.Collect$$libinit$$00000005)
    .ARM.Collect$$libinit$$0000000A          0x0800022a   Section        0  libinit2.o(.ARM.Collect$$libinit$$0000000A)
    .ARM.Collect$$libinit$$0000000C          0x0800022a   Section        0  libinit2.o(.ARM.Collect$$libinit$$0000000C)
    .ARM.Collect$$libinit$$0000000E          0x0800022a   Section        0  libinit2.o(.ARM.Collect$$libinit$$0000000E)
    .ARM.Collect$$libinit$$0000000F          0x0800022a   Section        6  libinit2.o(.ARM.Collect$$libinit$$0000000F)
    .ARM.Collect$$libinit$$00000011          0x08000230   Section        0  libinit2.o(.ARM.Collect$$libinit$$00000011)
    .ARM.Collect$$libinit$$00000012          0x08000230   Section       12  libinit2.o(.ARM.Collect$$libinit$$00000012)
    .ARM.Collect$$libinit$$00000013          0x0800023c   Section        0  libinit2.o(.ARM.Collect$$libinit$$00000013)
    .ARM.Collect$$libinit$$00000015          0x0800023c   Section        0  libinit2.o(.ARM.Collect$$libinit$$00000015)
    .ARM.Collect$$libinit$$00000017          0x0800023c   Section        0  libinit2.o(.ARM.Collect$$libinit$$00000017)
    .ARM.Collect$$libinit$$00000019          0x0800023c   Section        0  libinit2.o(.ARM.Collect$$libinit$$00000019)
    .ARM.Collect$$libinit$$0000001B          0x0800023c   Section        0  libinit2.o(.ARM.Collect$$libinit$$0000001B)
    .ARM.Collect$$libinit$$0000001D          0x0800023c   Section        0  libinit2.o(.ARM.Collect$$libinit$$0000001D)
    .ARM.Collect$$libinit$$0000001F          0x0800023c   Section        0  libinit2.o(.ARM.Collect$$libinit$$0000001F)
    .ARM.Collect$$libinit$$00000021          0x0800023c   Section        0  libinit2.o(.ARM.Collect$$libinit$$00000021)
    .ARM.Collect$$libinit$$00000023          0x0800023c   Section        0  libinit2.o(.ARM.Collect$$libinit$$00000023)
    .ARM.Collect$$libinit$$00000024          0x0800023c   Section        4  libinit2.o(.ARM.Collect$$libinit$$00000024)
    .ARM.Collect$$libinit$$00000025          0x08000240   Section        0  libinit2.o(.ARM.Collect$$libinit$$00000025)
    .ARM.Collect$$libinit$$0000002C          0x08000240   Section        0  libinit2.o(.ARM.Collect$$libinit$$0000002C)
    .ARM.Collect$$libinit$$0000002E          0x08000240   Section        0  libinit2.o(.ARM.Collect$$libinit$$0000002E)
    .ARM.Collect$$libinit$$00000030          0x08000240   Section        0  libinit2.o(.ARM.Collect$$libinit$$00000030)
    .ARM.Collect$$libinit$$00000032          0x08000240   Section        0  libinit2.o(.ARM.Collect$$libinit$$00000032)
    .ARM.Collect$$libinit$$00000033          0x08000240   Section        2  libinit2.o(.ARM.Collect$$libinit$$00000033)
    .ARM.Collect$$libshutdown$$00000000      0x08000242   Section        2  libshutdown.o(.ARM.Collect$$libshutdown$$00000000)
    .ARM.Collect$$libshutdown$$00000002      0x08000244   Section        0  libshutdown2.o(.ARM.Collect$$libshutdown$$00000002)
    .ARM.Collect$$libshutdown$$00000003      0x08000244   Section        4  libshutdown2.o(.ARM.Collect$$libshutdown$$00000003)
    .ARM.Collect$$libshutdown$$00000004      0x08000248   Section        0  libshutdown2.o(.ARM.Collect$$libshutdown$$00000004)
    .ARM.Collect$$libshutdown$$00000007      0x08000248   Section        0  libshutdown2.o(.ARM.Collect$$libshutdown$$00000007)
    .ARM.Collect$$libshutdown$$0000000A      0x08000248   Section        0  libshutdown2.o(.ARM.Collect$$libshutdown$$0000000A)
    .ARM.Collect$$libshutdown$$0000000C      0x08000248   Section        0  libshutdown2.o(.ARM.Collect$$libshutdown$$0000000C)
    .ARM.Collect$$libshutdown$$0000000F      0x08000248   Section        0  libshutdown2.o(.ARM.Collect$$libshutdown$$0000000F)
    .ARM.Collect$$libshutdown$$00000010      0x08000248   Section        2  libshutdown2.o(.ARM.Collect$$libshutdown$$00000010)
    .ARM.Collect$$rtentry$$00000000          0x0800024a   Section        0  __rtentry.o(.ARM.Collect$$rtentry$$00000000)
    .ARM.Collect$$rtentry$$00000002          0x0800024a   Section        0  __rtentry2.o(.ARM.Collect$$rtentry$$00000002)
    .ARM.Collect$$rtentry$$00000004          0x0800024a   Section        6  __rtentry4.o(.ARM.Collect$$rtentry$$00000004)
    .ARM.Collect$$rtentry$$00000009          0x08000250   Section        0  __rtentry2.o(.ARM.Collect$$rtentry$$00000009)
    .ARM.Collect$$rtentry$$0000000A          0x08000250   Section        4  __rtentry2.o(.ARM.Collect$$rtentry$$0000000A)
    .ARM.Collect$$rtentry$$0000000C          0x08000254   Section        0  __rtentry2.o(.ARM.Collect$$rtentry$$0000000C)
    .ARM.Collect$$rtentry$$0000000D          0x08000254   Section        8  __rtentry2.o(.ARM.Collect$$rtentry$$0000000D)
    .ARM.Collect$$rtexit$$00000000           0x0800025c   Section        2  rtexit.o(.ARM.Collect$$rtexit$$00000000)
    .ARM.Collect$$rtexit$$00000002           0x0800025e   Section        0  rtexit2.o(.ARM.Collect$$rtexit$$00000002)
    .ARM.Collect$$rtexit$$00000003           0x0800025e   Section        4  rtexit2.o(.ARM.Collect$$rtexit$$00000003)
    .ARM.Collect$$rtexit$$00000004           0x08000262   Section        6  rtexit2.o(.ARM.Collect$$rtexit$$00000004)
    [Anonymous Symbol]                       0x08000268   Section        0  assembly.o(.text)
    while                                    0x0800027a   Number         0  assembly.o(.text)
    else_if_label                            0x08000296   Number         0  assembly.o(.text)
    end_label                                0x080002aa   Number         0  assembly.o(.text)
    str_end                                  0x080002b4   Number         0  assembly.o(.text)
    while_one_digit                          0x080002d4   Number         0  assembly.o(.text)
    while_digits_hash                        0x080002ea   Number         0  assembly.o(.text)
    next_block                               0x080002f8   Number         0  assembly.o(.text)
    for_loop                                 0x080002fc   Number         0  assembly.o(.text)
    while_divider                            0x0800030a   Number         0  assembly.o(.text)
    last_while                               0x08000322   Number         0  assembly.o(.text)
    while_factorial                          0x08000326   Number         0  assembly.o(.text)
    end_factorial_while                      0x08000334   Number         0  assembly.o(.text)
    $v0                                      0x0800033c   Number         0  startup_stm32f411xe.o(.text)
    .text                                    0x0800033c   Section       64  startup_stm32f411xe.o(.text)
    .text                                    0x0800037c   Section        0  h1_alloc.o(.text)
    .text                                    0x080003dc   Section        0  noretval__2printf.o(.text)
    .text                                    0x080003f4   Section        0  noretval__2sprintf.o(.text)
    .text                                    0x0800041c   Section        0  __printf.o(.text)
    .text                                    0x08000484   Section        0  _printf_str.o(.text)
    .text                                    0x080004d8   Section        0  _printf_dec.o(.text)
    .text                                    0x08000550   Section        0  __0scanf.o(.text)
    .text                                    0x08000570   Section        0  _scanf_str.o(.text)
    .text                                    0x08000650   Section        0  puts.o(.text)
    .text                                    0x0800067c   Section        0  strcat.o(.text)
    .text                                    0x08000694   Section      100  rt_memcpy_w.o(.text)
    .text                                    0x080006f8   Section      124  strcmpv7em.o(.text)
    .text                                    0x08000774   Section        0  heapauxi.o(.text)
    .text                                    0x0800077c   Section        8  rt_heap_descriptor_intlibspace.o(.text)
    .text                                    0x08000784   Section        0  hguard.o(.text)
    .text                                    0x08000788   Section        0  init_alloc.o(.text)
    .text                                    0x08000812   Section        0  h1_init.o(.text)
    .text                                    0x08000820   Section        0  h1_free.o(.text)
    .text                                    0x0800086e   Section        0  _printf_intcommon.o(.text)
    _printf_input_char                       0x08000921   Thumb Code    10  _printf_char_common.o(.text)
    .text                                    0x08000920   Section        0  _printf_char_common.o(.text)
    .text                                    0x08000950   Section        0  _sputc.o(.text)
    .text                                    0x0800095a   Section        0  _printf_char.o(.text)
    .text                                    0x08000988   Section        0  _printf_char_file.o(.text)
    .text                                    0x080009ac   Section        0  scanf_char_file.o(.text)
    .text                                    0x080009c4   Section        0  sys_exit.o(.text)
    .text                                    0x080009d0   Section        8  libspace.o(.text)
    .text                                    0x080009d8   Section        0  maybetermalloc1.o(.text)
    .text                                    0x080009d8   Section        0  h1_extend.o(.text)
    _scanf_char_input                        0x08000a0d   Thumb Code    12  scanf_char.o(.text)
    .text                                    0x08000a0c   Section        0  scanf_char.o(.text)
    .text                                    0x08000a38   Section        0  backspace.o(.text)
    .text                                    0x08000a80   Section        0  ferror.o(.text)
    .text                                    0x08000a88   Section        0  flsbuf.o(.text)
    .text                                    0x08000c60   Section        0  initio.o(.text)
    .text                                    0x08000d98   Section        0  defsig_rtmem_outer.o(.text)
    .text                                    0x08000da6   Section       78  rt_memclr_w.o(.text)
    .text                                    0x08000df4   Section        2  use_no_semi.o(.text)
    .text                                    0x08000df6   Section        0  indicate_semi.o(.text)
    .text                                    0x08000df6   Section       74  sys_stackheap_outer.o(.text)
    .text                                    0x08000e40   Section        0  isspace.o(.text)
    .text                                    0x08000e54   Section        0  _scanf.o(.text)
    .text                                    0x080011c8   Section        0  filbuf.o(.text)
    .text                                    0x08001402   Section        0  setvbuf.o(.text)
    .text                                    0x08001448   Section        0  stdio.o(.text)
    .text                                    0x08001538   Section        0  ungetc.o(.text)
    _freopen_locked                          0x08001581   Thumb Code     0  fopen.o(.text)
    .text                                    0x08001580   Section        0  fopen.o(.text)
    .text                                    0x08001670   Section        0  fclose.o(.text)
    .text                                    0x080016bc   Section        0  exit.o(.text)
    .text                                    0x080016ce   Section        0  defsig_exit.o(.text)
    .text                                    0x080016d8   Section        0  defsig_rtred_outer.o(.text)
    .text                                    0x080016e8   Section        0  defsig_rtmem_inner.o(.text)
    .text                                    0x08001738   Section       16  rt_ctype_table.o(.text)
    .text                                    0x08001748   Section        0  fflush.o(.text)
    .text                                    0x080017ac   Section        0  fseek.o(.text)
    .text                                    0x080018a4   Section        0  flushlinebuffered.o(.text)
    .text                                    0x080018dc   Section        0  defsig_general.o(.text)
    .text                                    0x08001910   Section        0  defsig_rtred_inner.o(.text)
    .text                                    0x08001944   Section        0  sys_wrch.o(.text)
    .text                                    0x08001954   Section        8  rt_locale_intlibspace.o(.text)
    .text                                    0x0800195c   Section        0  ftell.o(.text)
    .text                                    0x080019a0   Section        8  rt_errno_addr_intlibspace.o(.text)
    [Anonymous Symbol]                       0x080019a8   Section        0  gpio.o(.text.EXTI0_IRQHandler)
    [Anonymous Symbol]                       0x08001a10   Section        0  gpio.o(.text.EXTI15_10_IRQHandler)
    [Anonymous Symbol]                       0x08001a78   Section        0  gpio.o(.text.EXTI1_IRQHandler)
    [Anonymous Symbol]                       0x08001ae0   Section        0  gpio.o(.text.EXTI2_IRQHandler)
    [Anonymous Symbol]                       0x08001b48   Section        0  gpio.o(.text.EXTI3_IRQHandler)
    [Anonymous Symbol]                       0x08001bb0   Section        0  gpio.o(.text.EXTI4_IRQHandler)
    [Anonymous Symbol]                       0x08001c18   Section        0  gpio.o(.text.EXTI9_5_IRQHandler)
    [Anonymous Symbol]                       0x08001c80   Section        0  stm32f4xx_gpio.o(.text.GPIO_Init)
    [Anonymous Symbol]                       0x08001d08   Section        0  stm32f4xx_gpio.o(.text.GPIO_PinAFConfig)
    [Anonymous Symbol]                       0x08001d30   Section        0  retarget_io.o(.text.ITM_ReceiveChar)
    [Anonymous Symbol]                       0x08001d50   Section        0  retarget_io.o(.text.ITM_SendChar)
    [Anonymous Symbol]                       0x08001d80   Section        0  stm32f4xx_rcc.o(.text.RCC_AHB1PeriphClockCmd)
    [Anonymous Symbol]                       0x08001d98   Section        0  stm32f4xx_rcc.o(.text.RCC_APB1PeriphClockCmd)
    [Anonymous Symbol]                       0x08001db0   Section        0  stm32f4xx_rcc.o(.text.RCC_GetClocksFreq)
    [Anonymous Symbol]                       0x08001e48   Section        0  timer.o(.text.SysTick_Handler)
    [Anonymous Symbol]                       0x08001e58   Section        0  system_stm32f4xx.o(.text.SystemInit)
    [Anonymous Symbol]                       0x08001eb0   Section        0  uart.o(.text.USART2_IRQHandler)
    [Anonymous Symbol]                       0x08001ed8   Section        0  stm32f4xx_usart.o(.text.USART_Cmd)
    [Anonymous Symbol]                       0x08001ef0   Section        0  stm32f4xx_usart.o(.text.USART_GetFlagStatus)
    [Anonymous Symbol]                       0x08001efc   Section        0  stm32f4xx_usart.o(.text.USART_Init)
    [Anonymous Symbol]                       0x08001fc4   Section        0  stm32f4xx_usart.o(.text.USART_ReceiveData)
    [Anonymous Symbol]                       0x08001fcc   Section        0  stm32f4xx_usart.o(.text.USART_SendData)
    __NVIC_ClearPendingIRQ                   0x08001fd5   Thumb Code    32  gpio.o(.text.__NVIC_ClearPendingIRQ)
    [Anonymous Symbol]                       0x08001fd4   Section        0  gpio.o(.text.__NVIC_ClearPendingIRQ)
    __NVIC_ClearPendingIRQ                   0x08001ff5   Thumb Code    14  uart.o(.text.__NVIC_ClearPendingIRQ)
    [Anonymous Symbol]                       0x08001ff4   Section        0  uart.o(.text.__NVIC_ClearPendingIRQ)
    [Anonymous Symbol]                       0x08002004   Section        0  retarget_io.o(.text._sys_close)
    [Anonymous Symbol]                       0x08002018   Section        0  retarget_io.o(.text._sys_flen)
    [Anonymous Symbol]                       0x0800201c   Section        0  retarget_io.o(.text._sys_istty)
    [Anonymous Symbol]                       0x0800202c   Section        0  retarget_io.o(.text._sys_open)
    [Anonymous Symbol]                       0x08002090   Section        0  retarget_io.o(.text._sys_read)
    [Anonymous Symbol]                       0x080020b8   Section        0  retarget_io.o(.text._sys_seek)
    [Anonymous Symbol]                       0x080020c0   Section        0  retarget_io.o(.text._sys_write)
    [Anonymous Symbol]                       0x08002104   Section        0  main.o(.text.main)
    stderr_putchar                           0x080021fd   Thumb Code     8  retarget_io.o(.text.stderr_putchar)
    [Anonymous Symbol]                       0x080021fc   Section        0  retarget_io.o(.text.stderr_putchar)
    stdin_getchar                            0x08002205   Thumb Code    14  retarget_io.o(.text.stdin_getchar)
    [Anonymous Symbol]                       0x08002204   Section        0  retarget_io.o(.text.stdin_getchar)
    stdout_putchar                           0x08002215   Thumb Code     8  retarget_io.o(.text.stdout_putchar)
    [Anonymous Symbol]                       0x08002214   Section        0  retarget_io.o(.text.stdout_putchar)
    [Anonymous Symbol]                       0x0800221c   Section        0  uart.o(.text.uart_enable)
    [Anonymous Symbol]                       0x08002230   Section        0  uart.o(.text.uart_init)
    [Anonymous Symbol]                       0x08002290   Section        0  uart.o(.text.uart_print)
    [Anonymous Symbol]                       0x080022ac   Section        0  uart.o(.text.uart_rx)
    [Anonymous Symbol]                       0x080022d0   Section        0  uart.o(.text.uart_tx)
    i.fgetc                                  0x080022f2   Section        0  fgetc.o(i.fgetc)
    i.fputc                                  0x0800230a   Section        0  fputc.o(i.fputc)
    locale$$code                             0x08002324   Section       44  lc_ctype_c.o(locale$$code)
    $v0                                      0x08002350   Number         0  fpinit.o(x$fpl$fpinit)
    x$fpl$fpinit                             0x08002350   Section       26  fpinit.o(x$fpl$fpinit)
    .L__const.main.str1                      0x0800236c   Data         100  main.o(.rodata..L__const.main.str1)
    .L__const.main.str3                      0x080023d0   Data         100  main.o(.rodata..L__const.main.str3)
    APBAHBPrescTable                         0x08002434   Data          16  stm32f4xx_rcc.o(.rodata.APBAHBPrescTable)
    [Anonymous Symbol]                       0x08002434   Section        0  stm32f4xx_rcc.o(.rodata.APBAHBPrescTable)
    .L.str.2                                 0x0800245b   Data          17  main.o(.rodata.str1.1)
    [Anonymous Symbol]                       0x0800245b   Section        0  main.o(.rodata.str1.1)
    .L.str.3                                 0x08002469   Data           3  main.o(.rodata.str1.1)
    .L.str.1                                 0x0800246c   Data           3  main.o(.rodata.str1.1)
    locale$$data                             0x08002490   Section      272  lc_ctype_c.o(locale$$data)
    __lcctype_c_name                         0x08002494   Data           2  lc_ctype_c.o(locale$$data)
    __lcctype_c_start                        0x0800249c   Data           0  lc_ctype_c.o(locale$$data)
    __lcctype_c_end                          0x080025a0   Data           0  lc_ctype_c.o(locale$$data)
    .data                                    0x20000000   Section        4  stdio_streams.o(.data)
    .data                                    0x20000004   Section        4  stdio_streams.o(.data)
    .data                                    0x20000008   Section        4  stdio_streams.o(.data)
    .bss                                     0x20000030   Section       84  stdio_streams.o(.bss)
    .bss                                     0x20000084   Section       84  stdio_streams.o(.bss)
    .bss                                     0x200000d8   Section       84  stdio_streams.o(.bss)
    .bss                                     0x2000012c   Section       96  libspace.o(.bss)
    GPIO_callback                            0x2000018c   Data           4  gpio.o(.bss.GPIO_callback)
    [Anonymous Symbol]                       0x2000018c   Section        0  gpio.o(.bss.GPIO_callback)
    UART_callback                            0x2000019c   Data           4  uart.o(.bss.UART_callback)
    [Anonymous Symbol]                       0x2000019c   Section        0  uart.o(.bss.UART_callback)
    timer_callback                           0x200001a0   Data           4  timer.o(.bss.timer_callback)
    [Anonymous Symbol]                       0x200001a0   Section        0  timer.o(.bss.timer_callback)
    Heap_Mem                                 0x200001a8   Data         512  startup_stm32f411xe.o(HEAP)
    HEAP                                     0x200001a8   Section      512  startup_stm32f411xe.o(HEAP)
    Stack_Mem                                0x200003a8   Data        1024  startup_stm32f411xe.o(STACK)
    STACK                                    0x200003a8   Section     1024  startup_stm32f411xe.o(STACK)
    __initial_sp                             0x200007a8   Data           0  startup_stm32f411xe.o(STACK)

    Global Symbols

    Symbol Name                              Value     Ov Type        Size  Object(Section)

    BuildAttributes$$THM_ISAv4$E$P$D$K$B$S$7EM$VFPi3$EXTD16$VFPS$VFMA$PE$A:L22UL41UL21$X:L11$S22US41US21$IEEE1$IW$~IW$USESV6$~STKCKD$USESV7$~SHL$OTIME$ROPI$EBA8$UX$STANDARDLIB$REQ8$EABIv2 0x00000000   Number         0  anon$$obj.o ABSOLUTE
    SHT$$ARM_EXIDX$$Base                      - Undefined Reference
    SHT$$ARM_EXIDX$$Limit                     - Undefined Reference
    __ARM_exceptions_init                     - Undefined Weak Reference
    __alloca_initialize                       - Undefined Weak Reference
    __arm_find_exidx_section                  - Undefined Weak Reference
    __arm_preinit_                            - Undefined Weak Reference
    __cpp_initialize__aeabi_                  - Undefined Weak Reference
    __cxa_finalize                            - Undefined Weak Reference
    __sigvec_lookup                           - Undefined Weak Reference
    __user_heap_extent                        - Undefined Weak Reference
    _atexit_init                              - Undefined Weak Reference
    _call_atexit_fns                          - Undefined Weak Reference
    _clock_init                               - Undefined Weak Reference
    _fp_trap_init                             - Undefined Weak Reference
    _fp_trap_shutdown                         - Undefined Weak Reference
    _get_lc_collate                           - Undefined Weak Reference
    _get_lc_monetary                          - Undefined Weak Reference
    _get_lc_numeric                           - Undefined Weak Reference
    _get_lc_time                              - Undefined Weak Reference
    _getenv_init                              - Undefined Weak Reference
    _handle_redirection                       - Undefined Weak Reference
    _mutex_acquire                            - Undefined Weak Reference
    _mutex_free                               - Undefined Weak Reference
    _mutex_release                            - Undefined Weak Reference
    _printf_mbtowc                            - Undefined Weak Reference
    _printf_post_padding                      - Undefined Weak Reference
    _printf_pre_padding                       - Undefined Weak Reference
    _printf_truncate_signed                   - Undefined Weak Reference
    _printf_truncate_unsigned                 - Undefined Weak Reference
    _rand_init                                - Undefined Weak Reference
    _scanf_int                                - Undefined Weak Reference
    _scanf_longlong                           - Undefined Weak Reference
    _scanf_mbtowc                             - Undefined Weak Reference
    _scanf_real                               - Undefined Weak Reference
    _scanf_wctomb                             - Undefined Weak Reference
    _scanf_wstring                            - Undefined Weak Reference
    _signal_finish                            - Undefined Weak Reference
    _signal_init                              - Undefined Weak Reference
    __Vectors_Size                           0x00000198   Number         0  startup_stm32f411xe.o ABSOLUTE
    __Vectors                                0x08000000   Data           4  startup_stm32f411xe.o(RESET)
    __Vectors_End                            0x08000198   Data           0  startup_stm32f411xe.o(RESET)
    __main                                   0x08000199   Thumb Code     8  __main.o(!!!main)
    __scatterload                            0x080001a1   Thumb Code     0  __scatter.o(!!!scatter)
    __scatterload_rt2                        0x080001a1   Thumb Code    44  __scatter.o(!!!scatter)
    __scatterload_rt2_thumb_only             0x080001a1   Thumb Code     0  __scatter.o(!!!scatter)
    __scatterload_null                       0x080001af   Thumb Code     0  __scatter.o(!!!scatter)
    __scatterload_copy                       0x080001d5   Thumb Code    26  __scatter_copy.o(!!handler_copy)
    __scatterload_zeroinit                   0x080001f1   Thumb Code    28  __scatter_zi.o(!!handler_zi)
    _printf_d                                0x0800020d   Thumb Code     0  _printf_d.o(.ARM.Collect$$_printf_percent$$00000009)
    _printf_percent                          0x0800020d   Thumb Code     0  _printf_percent.o(.ARM.Collect$$_printf_percent$$00000000)
    _printf_s                                0x08000213   Thumb Code     0  _printf_s.o(.ARM.Collect$$_printf_percent$$00000014)
    _printf_percent_end                      0x08000219   Thumb Code     0  _printf_percent_end.o(.ARM.Collect$$_printf_percent$$00000017)
    __rt_lib_init                            0x0800021d   Thumb Code     0  libinit.o(.ARM.Collect$$libinit$$00000000)
    __rt_lib_init_fp_1                       0x0800021f   Thumb Code     0  libinit2.o(.ARM.Collect$$libinit$$00000001)
    __rt_lib_init_heap_2                     0x08000223   Thumb Code     0  libinit2.o(.ARM.Collect$$libinit$$00000005)
    __rt_lib_init_preinit_1                  0x08000223   Thumb Code     0  libinit2.o(.ARM.Collect$$libinit$$00000004)
    __rt_lib_init_heap_1                     0x0800022b   Thumb Code     0  libinit2.o(.ARM.Collect$$libinit$$0000000A)
    __rt_lib_init_lc_common                  0x0800022b   Thumb Code     0  libinit2.o(.ARM.Collect$$libinit$$0000000F)
    __rt_lib_init_rand_1                     0x0800022b   Thumb Code     0  libinit2.o(.ARM.Collect$$libinit$$0000000E)
    __rt_lib_init_user_alloc_1               0x0800022b   Thumb Code     0  libinit2.o(.ARM.Collect$$libinit$$0000000C)
    __rt_lib_init_lc_collate_1               0x08000231   Thumb Code     0  libinit2.o(.ARM.Collect$$libinit$$00000011)
    __rt_lib_init_lc_ctype_2                 0x08000231   Thumb Code     0  libinit2.o(.ARM.Collect$$libinit$$00000012)
    __rt_lib_init_atexit_1                   0x0800023d   Thumb Code     0  libinit2.o(.ARM.Collect$$libinit$$0000001B)
    __rt_lib_init_clock_1                    0x0800023d   Thumb Code     0  libinit2.o(.ARM.Collect$$libinit$$00000021)
    __rt_lib_init_fp_trap_1                  0x0800023d   Thumb Code     0  libinit2.o(.ARM.Collect$$libinit$$0000001F)
    __rt_lib_init_getenv_1                   0x0800023d   Thumb Code     0  libinit2.o(.ARM.Collect$$libinit$$00000023)
    __rt_lib_init_lc_ctype_1                 0x0800023d   Thumb Code     0  libinit2.o(.ARM.Collect$$libinit$$00000013)
    __rt_lib_init_lc_monetary_1              0x0800023d   Thumb Code     0  libinit2.o(.ARM.Collect$$libinit$$00000015)
    __rt_lib_init_lc_numeric_1               0x0800023d   Thumb Code     0  libinit2.o(.ARM.Collect$$libinit$$00000017)
    __rt_lib_init_lc_time_1                  0x0800023d   Thumb Code     0  libinit2.o(.ARM.Collect$$libinit$$00000019)
    __rt_lib_init_signal_1                   0x0800023d   Thumb Code     0  libinit2.o(.ARM.Collect$$libinit$$0000001D)
    __rt_lib_init_stdio_2                    0x0800023d   Thumb Code     0  libinit2.o(.ARM.Collect$$libinit$$00000024)
    __rt_lib_init_alloca_1                   0x08000241   Thumb Code     0  libinit2.o(.ARM.Collect$$libinit$$0000002E)
    __rt_lib_init_argv_1                     0x08000241   Thumb Code     0  libinit2.o(.ARM.Collect$$libinit$$0000002C)
    __rt_lib_init_cpp_1                      0x08000241   Thumb Code     0  libinit2.o(.ARM.Collect$$libinit$$00000032)
    __rt_lib_init_exceptions_1               0x08000241   Thumb Code     0  libinit2.o(.ARM.Collect$$libinit$$00000030)
    __rt_lib_init_return                     0x08000241   Thumb Code     0  libinit2.o(.ARM.Collect$$libinit$$00000033)
    __rt_lib_init_stdio_1                    0x08000241   Thumb Code     0  libinit2.o(.ARM.Collect$$libinit$$00000025)
    __rt_lib_shutdown                        0x08000243   Thumb Code     0  libshutdown.o(.ARM.Collect$$libshutdown$$00000000)
    __rt_lib_shutdown_cpp_1                  0x08000245   Thumb Code     0  libshutdown2.o(.ARM.Collect$$libshutdown$$00000002)
    __rt_lib_shutdown_stdio_2                0x08000245   Thumb Code     0  libshutdown2.o(.ARM.Collect$$libshutdown$$00000003)
    __rt_lib_shutdown_fp_trap_1              0x08000249   Thumb Code     0  libshutdown2.o(.ARM.Collect$$libshutdown$$00000007)
    __rt_lib_shutdown_heap_1                 0x08000249   Thumb Code     0  libshutdown2.o(.ARM.Collect$$libshutdown$$0000000F)
    __rt_lib_shutdown_return                 0x08000249   Thumb Code     0  libshutdown2.o(.ARM.Collect$$libshutdown$$00000010)
    __rt_lib_shutdown_signal_1               0x08000249   Thumb Code     0  libshutdown2.o(.ARM.Collect$$libshutdown$$0000000A)
    __rt_lib_shutdown_stdio_1                0x08000249   Thumb Code     0  libshutdown2.o(.ARM.Collect$$libshutdown$$00000004)
    __rt_lib_shutdown_user_alloc_1           0x08000249   Thumb Code     0  libshutdown2.o(.ARM.Collect$$libshutdown$$0000000C)
    __rt_entry                               0x0800024b   Thumb Code     0  __rtentry.o(.ARM.Collect$$rtentry$$00000000)
    __rt_entry_presh_1                       0x0800024b   Thumb Code     0  __rtentry2.o(.ARM.Collect$$rtentry$$00000002)
    __rt_entry_sh                            0x0800024b   Thumb Code     0  __rtentry4.o(.ARM.Collect$$rtentry$$00000004)
    __rt_entry_li                            0x08000251   Thumb Code     0  __rtentry2.o(.ARM.Collect$$rtentry$$0000000A)
    __rt_entry_postsh_1                      0x08000251   Thumb Code     0  __rtentry2.o(.ARM.Collect$$rtentry$$00000009)
    __rt_entry_main                          0x08000255   Thumb Code     0  __rtentry2.o(.ARM.Collect$$rtentry$$0000000D)
    __rt_entry_postli_1                      0x08000255   Thumb Code     0  __rtentry2.o(.ARM.Collect$$rtentry$$0000000C)
    __rt_exit                                0x0800025d   Thumb Code     0  rtexit.o(.ARM.Collect$$rtexit$$00000000)
    __rt_exit_ls                             0x0800025f   Thumb Code     0  rtexit2.o(.ARM.Collect$$rtexit$$00000003)
    __rt_exit_prels_1                        0x0800025f   Thumb Code     0  rtexit2.o(.ARM.Collect$$rtexit$$00000002)
    __rt_exit_exit                           0x08000263   Thumb Code     0  rtexit2.o(.ARM.Collect$$rtexit$$00000004)
    hash_function                            0x08000269   Thumb Code     0  assembly.o(.text)
    factorial_function                       0x080002b9   Thumb Code     0  assembly.o(.text)
    Reset_Handler                            0x0800033d   Thumb Code     8  startup_stm32f411xe.o(.text)
    NMI_Handler                              0x08000345   Thumb Code     2  startup_stm32f411xe.o(.text)
    HardFault_Handler                        0x08000347   Thumb Code     2  startup_stm32f411xe.o(.text)
    MemManage_Handler                        0x08000349   Thumb Code     2  startup_stm32f411xe.o(.text)
    BusFault_Handler                         0x0800034b   Thumb Code     2  startup_stm32f411xe.o(.text)
    UsageFault_Handler                       0x0800034d   Thumb Code     2  startup_stm32f411xe.o(.text)
    SVC_Handler                              0x0800034f   Thumb Code     2  startup_stm32f411xe.o(.text)
    DebugMon_Handler                         0x08000351   Thumb Code     2  startup_stm32f411xe.o(.text)
    PendSV_Handler                           0x08000353   Thumb Code     2  startup_stm32f411xe.o(.text)
    ADC_IRQHandler                           0x08000357   Thumb Code     0  startup_stm32f411xe.o(.text)
    DMA1_Stream0_IRQHandler                  0x08000357   Thumb Code     0  startup_stm32f411xe.o(.text)
    DMA1_Stream1_IRQHandler                  0x08000357   Thumb Code     0  startup_stm32f411xe.o(.text)
    DMA1_Stream2_IRQHandler                  0x08000357   Thumb Code     0  startup_stm32f411xe.o(.text)
    DMA1_Stream3_IRQHandler                  0x08000357   Thumb Code     0  startup_stm32f411xe.o(.text)
    DMA1_Stream4_IRQHandler                  0x08000357   Thumb Code     0  startup_stm32f411xe.o(.text)
    DMA1_Stream5_IRQHandler                  0x08000357   Thumb Code     0  startup_stm32f411xe.o(.text)
    DMA1_Stream6_IRQHandler                  0x08000357   Thumb Code     0  startup_stm32f411xe.o(.text)
    DMA1_Stream7_IRQHandler                  0x08000357   Thumb Code     0  startup_stm32f411xe.o(.text)
    DMA2_Stream0_IRQHandler                  0x08000357   Thumb Code     0  startup_stm32f411xe.o(.text)
    DMA2_Stream1_IRQHandler                  0x08000357   Thumb Code     0  startup_stm32f411xe.o(.text)
    DMA2_Stream2_IRQHandler                  0x08000357   Thumb Code     0  startup_stm32f411xe.o(.text)
    DMA2_Stream3_IRQHandler                  0x08000357   Thumb Code     0  startup_stm32f411xe.o(.text)
    DMA2_Stream4_IRQHandler                  0x08000357   Thumb Code     0  startup_stm32f411xe.o(.text)
    DMA2_Stream5_IRQHandler                  0x08000357   Thumb Code     0  startup_stm32f411xe.o(.text)
    DMA2_Stream6_IRQHandler                  0x08000357   Thumb Code     0  startup_stm32f411xe.o(.text)
    DMA2_Stream7_IRQHandler                  0x08000357   Thumb Code     0  startup_stm32f411xe.o(.text)
    FLASH_IRQHandler                         0x08000357   Thumb Code     0  startup_stm32f411xe.o(.text)
    FPU_IRQHandler                           0x08000357   Thumb Code     0  startup_stm32f411xe.o(.text)
    I2C1_ER_IRQHandler                       0x08000357   Thumb Code     0  startup_stm32f411xe.o(.text)
    I2C1_EV_IRQHandler                       0x08000357   Thumb Code     0  startup_stm32f411xe.o(.text)
    I2C2_ER_IRQHandler                       0x08000357   Thumb Code     0  startup_stm32f411xe.o(.text)
    I2C2_EV_IRQHandler                       0x08000357   Thumb Code     0  startup_stm32f411xe.o(.text)
    I2C3_ER_IRQHandler                       0x08000357   Thumb Code     0  startup_stm32f411xe.o(.text)
    I2C3_EV_IRQHandler                       0x08000357   Thumb Code     0  startup_stm32f411xe.o(.text)
    OTG_FS_IRQHandler                        0x08000357   Thumb Code     0  startup_stm32f411xe.o(.text)
    OTG_FS_WKUP_IRQHandler                   0x08000357   Thumb Code     0  startup_stm32f411xe.o(.text)
    PVD_IRQHandler                           0x08000357   Thumb Code     0  startup_stm32f411xe.o(.text)
    RCC_IRQHandler                           0x08000357   Thumb Code     0  startup_stm32f411xe.o(.text)
    RTC_Alarm_IRQHandler                     0x08000357   Thumb Code     0  startup_stm32f411xe.o(.text)
    RTC_WKUP_IRQHandler                      0x08000357   Thumb Code     0  startup_stm32f411xe.o(.text)
    SDIO_IRQHandler                          0x08000357   Thumb Code     0  startup_stm32f411xe.o(.text)
    SPI1_IRQHandler                          0x08000357   Thumb Code     0  startup_stm32f411xe.o(.text)
    SPI2_IRQHandler                          0x08000357   Thumb Code     0  startup_stm32f411xe.o(.text)
    SPI3_IRQHandler                          0x08000357   Thumb Code     0  startup_stm32f411xe.o(.text)
    SPI4_IRQHandler                          0x08000357   Thumb Code     0  startup_stm32f411xe.o(.text)
    SPI5_IRQHandler                          0x08000357   Thumb Code     0  startup_stm32f411xe.o(.text)
    TAMP_STAMP_IRQHandler                    0x08000357   Thumb Code     0  startup_stm32f411xe.o(.text)
    TIM1_BRK_TIM9_IRQHandler                 0x08000357   Thumb Code     0  startup_stm32f411xe.o(.text)
    TIM1_CC_IRQHandler                       0x08000357   Thumb Code     0  startup_stm32f411xe.o(.text)
    TIM1_TRG_COM_TIM11_IRQHandler            0x08000357   Thumb Code     0  startup_stm32f411xe.o(.text)
    TIM1_UP_TIM10_IRQHandler                 0x08000357   Thumb Code     0  startup_stm32f411xe.o(.text)
    TIM2_IRQHandler                          0x08000357   Thumb Code     0  startup_stm32f411xe.o(.text)
    TIM3_IRQHandler                          0x08000357   Thumb Code     0  startup_stm32f411xe.o(.text)
    TIM4_IRQHandler                          0x08000357   Thumb Code     0  startup_stm32f411xe.o(.text)
    TIM5_IRQHandler                          0x08000357   Thumb Code     0  startup_stm32f411xe.o(.text)
    USART1_IRQHandler                        0x08000357   Thumb Code     0  startup_stm32f411xe.o(.text)
    USART6_IRQHandler                        0x08000357   Thumb Code     0  startup_stm32f411xe.o(.text)
    WWDG_IRQHandler                          0x08000357   Thumb Code     0  startup_stm32f411xe.o(.text)
    __user_initial_stackheap                 0x08000359   Thumb Code     0  startup_stm32f411xe.o(.text)
    malloc                                   0x0800037d   Thumb Code    94  h1_alloc.o(.text)
    __2printf                                0x080003dd   Thumb Code    20  noretval__2printf.o(.text)
    __2sprintf                               0x080003f5   Thumb Code    34  noretval__2sprintf.o(.text)
    __printf                                 0x0800041d   Thumb Code   104  __printf.o(.text)
    _printf_str                              0x08000485   Thumb Code    82  _printf_str.o(.text)
    _printf_int_dec                          0x080004d9   Thumb Code   104  _printf_dec.o(.text)
    __0scanf                                 0x08000551   Thumb Code    26  __0scanf.o(.text)
    _scanf_string                            0x08000571   Thumb Code   224  _scanf_str.o(.text)
    puts                                     0x08000651   Thumb Code    40  puts.o(.text)
    strcat                                   0x0800067d   Thumb Code    24  strcat.o(.text)
    __aeabi_memcpy4                          0x08000695   Thumb Code     0  rt_memcpy_w.o(.text)
    __aeabi_memcpy8                          0x08000695   Thumb Code     0  rt_memcpy_w.o(.text)
    __rt_memcpy_w                            0x08000695   Thumb Code   100  rt_memcpy_w.o(.text)
    _memcpy_lastbytes_aligned                0x080006dd   Thumb Code     0  rt_memcpy_w.o(.text)
    strcmp                                   0x080006f9   Thumb Code   124  strcmpv7em.o(.text)
    __use_two_region_memory                  0x08000775   Thumb Code     2  heapauxi.o(.text)
    __rt_heap_escrow                         0x08000777   Thumb Code     2  heapauxi.o(.text)
    __rt_heap_expand                         0x08000779   Thumb Code     2  heapauxi.o(.text)
    __rt_heap_descriptor                     0x0800077d   Thumb Code     8  rt_heap_descriptor_intlibspace.o(.text)
    __use_no_heap                            0x08000785   Thumb Code     2  hguard.o(.text)
    __heap$guard                             0x08000787   Thumb Code     2  hguard.o(.text)
    _terminate_user_alloc                    0x08000789   Thumb Code     2  init_alloc.o(.text)
    _init_user_alloc                         0x0800078b   Thumb Code     2  init_alloc.o(.text)
    __Heap_Full                              0x0800078d   Thumb Code    34  init_alloc.o(.text)
    __Heap_Broken                            0x080007af   Thumb Code     6  init_alloc.o(.text)
    _init_alloc                              0x080007b5   Thumb Code    94  init_alloc.o(.text)
    __Heap_Initialize                        0x08000813   Thumb Code    10  h1_init.o(.text)
    __Heap_DescSize                          0x0800081d   Thumb Code     4  h1_init.o(.text)
    free                                     0x08000821   Thumb Code    78  h1_free.o(.text)
    _printf_int_common                       0x0800086f   Thumb Code   178  _printf_intcommon.o(.text)
    _printf_char_common                      0x0800092b   Thumb Code    32  _printf_char_common.o(.text)
    _sputc                                   0x08000951   Thumb Code    10  _sputc.o(.text)
    _printf_cs_common                        0x0800095b   Thumb Code    20  _printf_char.o(.text)
    _printf_char                             0x0800096f   Thumb Code    16  _printf_char.o(.text)
    _printf_string                           0x0800097f   Thumb Code     8  _printf_char.o(.text)
    _printf_char_file                        0x08000989   Thumb Code    32  _printf_char_file.o(.text)
    __vfscanf_char_file                      0x080009ad   Thumb Code    16  scanf_char_file.o(.text)
    _sys_exit                                0x080009c5   Thumb Code     8  sys_exit.o(.text)
    __user_libspace                          0x080009d1   Thumb Code     8  libspace.o(.text)
    __user_perproc_libspace                  0x080009d1   Thumb Code     0  libspace.o(.text)
    __user_perthread_libspace                0x080009d1   Thumb Code     0  libspace.o(.text)
    __Heap_ProvideMemory                     0x080009d9   Thumb Code    52  h1_extend.o(.text)
    _maybe_terminate_alloc                   0x080009d9   Thumb Code     0  maybetermalloc1.o(.text)
    __vfscanf_char                           0x08000a19   Thumb Code    24  scanf_char.o(.text)
    ___backspace$unlocked                    0x08000a39   Thumb Code     2  backspace.o(.text)
    __backspace                              0x08000a3b   Thumb Code    70  backspace.o(.text)
    ferror                                   0x08000a81   Thumb Code     8  ferror.o(.text)
    __flsbuf                                 0x08000a89   Thumb Code   470  flsbuf.o(.text)
    __flsbuf_byte                            0x08000a89   Thumb Code     0  flsbuf.o(.text)
    __flsbuf_wide                            0x08000a89   Thumb Code     0  flsbuf.o(.text)
    _initio                                  0x08000c61   Thumb Code   210  initio.o(.text)
    _terminateio                             0x08000d33   Thumb Code    56  initio.o(.text)
    __rt_SIGRTMEM                            0x08000d99   Thumb Code    14  defsig_rtmem_outer.o(.text)
    __aeabi_memclr4                          0x08000da7   Thumb Code     0  rt_memclr_w.o(.text)
    __aeabi_memclr8                          0x08000da7   Thumb Code     0  rt_memclr_w.o(.text)
    __rt_memclr_w                            0x08000da7   Thumb Code    78  rt_memclr_w.o(.text)
    _memset_w                                0x08000dab   Thumb Code     0  rt_memclr_w.o(.text)
    __I$use$semihosting                      0x08000df5   Thumb Code     0  use_no_semi.o(.text)
    __use_no_semihosting_swi                 0x08000df5   Thumb Code     2  use_no_semi.o(.text)
    __semihosting_library_function           0x08000df7   Thumb Code     0  indicate_semi.o(.text)
    __user_setup_stackheap                   0x08000df7   Thumb Code    74  sys_stackheap_outer.o(.text)
    isspace                                  0x08000e41   Thumb Code    18  isspace.o(.text)
    __vfscanf                                0x08000e55   Thumb Code   878  _scanf.o(.text)
    _readbuf                                 0x080011c9   Thumb Code    54  filbuf.o(.text)
    _seteof                                  0x080011ff   Thumb Code    40  filbuf.o(.text)
    __filbuf                                 0x08001227   Thumb Code   476  filbuf.o(.text)
    __filbuf_byte                            0x08001227   Thumb Code     0  filbuf.o(.text)
    __filbuf_wide                            0x08001227   Thumb Code     0  filbuf.o(.text)
    setvbuf                                  0x08001403   Thumb Code    70  setvbuf.o(.text)
    _seterr                                  0x08001449   Thumb Code    20  stdio.o(.text)
    _writebuf                                0x0800145d   Thumb Code    84  stdio.o(.text)
    _fflush                                  0x080014b1   Thumb Code    70  stdio.o(.text)
    _deferredlazyseek                        0x080014f7   Thumb Code    60  stdio.o(.text)
    _ungetc_internal                         0x08001539   Thumb Code    60  ungetc.o(.text)
    ungetc                                   0x08001539   Thumb Code     0  ungetc.o(.text)
    freopen                                  0x08001581   Thumb Code   160  fopen.o(.text)
    fopen                                    0x08001621   Thumb Code    74  fopen.o(.text)
    _fclose_internal                         0x08001671   Thumb Code    76  fclose.o(.text)
    fclose                                   0x08001671   Thumb Code     0  fclose.o(.text)
    exit                                     0x080016bd   Thumb Code    18  exit.o(.text)
    __sig_exit                               0x080016cf   Thumb Code    10  defsig_exit.o(.text)
    __rt_SIGRTRED                            0x080016d9   Thumb Code    14  defsig_rtred_outer.o(.text)
    __rt_SIGRTMEM_inner                      0x080016e9   Thumb Code    22  defsig_rtmem_inner.o(.text)
    __rt_ctype_table                         0x08001739   Thumb Code    16  rt_ctype_table.o(.text)
    _do_fflush                               0x08001749   Thumb Code    54  fflush.o(.text)
    fflush                                   0x0800177f   Thumb Code    42  fflush.o(.text)
    _fseek                                   0x080017ad   Thumb Code   242  fseek.o(.text)
    fseek                                    0x080017ad   Thumb Code     0  fseek.o(.text)
    _flushlinebuffered                       0x080018a5   Thumb Code    50  flushlinebuffered.o(.text)
    __default_signal_display                 0x080018dd   Thumb Code    50  defsig_general.o(.text)
    __rt_SIGRTRED_inner                      0x08001911   Thumb Code    14  defsig_rtred_inner.o(.text)
    _ttywrch                                 0x08001945   Thumb Code    14  sys_wrch.o(.text)
    __rt_locale                              0x08001955   Thumb Code     8  rt_locale_intlibspace.o(.text)
    _ftell_internal                          0x0800195d   Thumb Code    66  ftell.o(.text)
    ftell                                    0x0800195d   Thumb Code     0  ftell.o(.text)
    __aeabi_errno_addr                       0x080019a1   Thumb Code     8  rt_errno_addr_intlibspace.o(.text)
    __errno$intlibspace                      0x080019a1   Thumb Code     0  rt_errno_addr_intlibspace.o(.text)
    __rt_errno_addr$intlibspace              0x080019a1   Thumb Code     0  rt_errno_addr_intlibspace.o(.text)
    EXTI0_IRQHandler                         0x080019a9   Thumb Code   104  gpio.o(.text.EXTI0_IRQHandler)
    EXTI15_10_IRQHandler                     0x08001a11   Thumb Code   104  gpio.o(.text.EXTI15_10_IRQHandler)
    EXTI1_IRQHandler                         0x08001a79   Thumb Code   104  gpio.o(.text.EXTI1_IRQHandler)
    EXTI2_IRQHandler                         0x08001ae1   Thumb Code   104  gpio.o(.text.EXTI2_IRQHandler)
    EXTI3_IRQHandler                         0x08001b49   Thumb Code   104  gpio.o(.text.EXTI3_IRQHandler)
    EXTI4_IRQHandler                         0x08001bb1   Thumb Code   104  gpio.o(.text.EXTI4_IRQHandler)
    EXTI9_5_IRQHandler                       0x08001c19   Thumb Code   104  gpio.o(.text.EXTI9_5_IRQHandler)
    GPIO_Init                                0x08001c81   Thumb Code   134  stm32f4xx_gpio.o(.text.GPIO_Init)
    GPIO_PinAFConfig                         0x08001d09   Thumb Code    40  stm32f4xx_gpio.o(.text.GPIO_PinAFConfig)
    ITM_ReceiveChar                          0x08001d31   Thumb Code    32  retarget_io.o(.text.ITM_ReceiveChar)
    ITM_SendChar                             0x08001d51   Thumb Code    46  retarget_io.o(.text.ITM_SendChar)
    RCC_AHB1PeriphClockCmd                   0x08001d81   Thumb Code    24  stm32f4xx_rcc.o(.text.RCC_AHB1PeriphClockCmd)
    RCC_APB1PeriphClockCmd                   0x08001d99   Thumb Code    24  stm32f4xx_rcc.o(.text.RCC_APB1PeriphClockCmd)
    RCC_GetClocksFreq                        0x08001db1   Thumb Code   150  stm32f4xx_rcc.o(.text.RCC_GetClocksFreq)
    SysTick_Handler                          0x08001e49   Thumb Code    16  timer.o(.text.SysTick_Handler)
    SystemInit                               0x08001e59   Thumb Code    86  system_stm32f4xx.o(.text.SystemInit)
    USART2_IRQHandler                        0x08001eb1   Thumb Code    40  uart.o(.text.USART2_IRQHandler)
    USART_Cmd                                0x08001ed9   Thumb Code    22  stm32f4xx_usart.o(.text.USART_Cmd)
    USART_GetFlagStatus                      0x08001ef1   Thumb Code    10  stm32f4xx_usart.o(.text.USART_GetFlagStatus)
    USART_Init                               0x08001efd   Thumb Code   200  stm32f4xx_usart.o(.text.USART_Init)
    USART_ReceiveData                        0x08001fc5   Thumb Code     8  stm32f4xx_usart.o(.text.USART_ReceiveData)
    USART_SendData                           0x08001fcd   Thumb Code     8  stm32f4xx_usart.o(.text.USART_SendData)
    _sys_close                               0x08002005   Thumb Code    18  retarget_io.o(.text._sys_close)
    _sys_flen                                0x08002019   Thumb Code     4  retarget_io.o(.text._sys_flen)
    _sys_istty                               0x0800201d   Thumb Code    16  retarget_io.o(.text._sys_istty)
    _sys_open                                0x0800202d   Thumb Code   100  retarget_io.o(.text._sys_open)
    _sys_read                                0x08002091   Thumb Code    40  retarget_io.o(.text._sys_read)
    _sys_seek                                0x080020b9   Thumb Code     6  retarget_io.o(.text._sys_seek)
    _sys_write                               0x080020c1   Thumb Code    66  retarget_io.o(.text._sys_write)
    main                                     0x08002105   Thumb Code   248  main.o(.text.main)
    uart_enable                              0x0800221d   Thumb Code    18  uart.o(.text.uart_enable)
    uart_init                                0x08002231   Thumb Code    96  uart.o(.text.uart_init)
    uart_print                               0x08002291   Thumb Code    28  uart.o(.text.uart_print)
    uart_rx                                  0x080022ad   Thumb Code    34  uart.o(.text.uart_rx)
    uart_tx                                  0x080022d1   Thumb Code    34  uart.o(.text.uart_tx)
    fgetc                                    0x080022f3   Thumb Code    24  fgetc.o(i.fgetc)
    fputc                                    0x0800230b   Thumb Code    26  fputc.o(i.fputc)
    _get_lc_ctype                            0x08002325   Thumb Code    44  lc_ctype_c.o(locale$$code)
    _fp_init                                 0x08002351   Thumb Code    26  fpinit.o(x$fpl$fpinit)
    __fplib_config_fpu_vfp                   0x08002369   Thumb Code     0  fpinit.o(x$fpl$fpinit)
    __fplib_config_pureend_doubles           0x08002369   Thumb Code     0  fpinit.o(x$fpl$fpinit)
    __stderr_name                            0x08002444   Data           8  retarget_io.o(.rodata.__stderr_name)
    __stdin_name                             0x0800244c   Data           7  retarget_io.o(.rodata.__stdin_name)
    __stdout_name                            0x08002453   Data           8  retarget_io.o(.rodata.__stdout_name)
    Region$$Table$$Base                      0x08002470   Number         0  anon$$obj.o(Region$$Table)
    Region$$Table$$Limit                     0x08002490   Number         0  anon$$obj.o(Region$$Table)
    __ctype                                  0x0800249d   Data           0  lc_ctype_c.o(locale$$data)
    __aeabi_stdin                            0x20000000   Data           4  stdio_streams.o(.data)
    __aeabi_stdout                           0x20000004   Data           4  stdio_streams.o(.data)
    __aeabi_stderr                           0x20000008   Data           4  stdio_streams.o(.data)
    ITM_RxBuffer                             0x2000000c   Data           4  retarget_io.o(.data.ITM_RxBuffer)
    lookup_table                             0x20000010   Data          26  main.o(.data.lookup_table)
    __stdin                                  0x20000030   Data          84  stdio_streams.o(.bss)
    __stdout                                 0x20000084   Data          84  stdio_streams.o(.bss)
    __stderr                                 0x200000d8   Data          84  stdio_streams.o(.bss)
    __libspace_start                         0x2000012c   Data          96  libspace.o(.bss)
    __temporary_stack_top$libspace           0x2000018c   Data           0  libspace.o(.bss)
    IRQ_pin_index                            0x20000190   Data           4  gpio.o(.bss.IRQ_pin_index)
    IRQ_port_num                             0x20000194   Data           4  gpio.o(.bss.IRQ_port_num)
    IRQ_status                               0x20000198   Data           4  gpio.o(.bss.IRQ_status)



==============================================================================

Memory Map of the image

  Image Entry point : 0x0800033d

  Load Region LR_1 (Base: 0x08000000, Size: 0x000025cc, Max: 0xffffffff, ABSOLUTE)

    Execution Region ER_RO (Exec base: 0x08000000, Load base: 0x08000000, Size: 0x000025a0, Max: 0xffffffff, ABSOLUTE)

    Exec Addr    Load Addr    Size         Type   Attr      Idx    E Section Name        Object

    0x08000000   0x08000000   0x00000198   Data   RO          645    RESET               startup_stm32f411xe.o
    0x08000198   0x08000198   0x00000008   Code   RO          776  * !!!main             c_w.l(__main.o)
    0x080001a0   0x080001a0   0x00000034   Code   RO         1256    !!!scatter          c_w.l(__scatter.o)
    0x080001d4   0x080001d4   0x0000001a   Code   RO         1258    !!handler_copy      c_w.l(__scatter_copy.o)
    0x080001ee   0x080001ee   0x00000002   PAD
    0x080001f0   0x080001f0   0x0000001c   Code   RO         1260    !!handler_zi        c_w.l(__scatter_zi.o)
    0x0800020c   0x0800020c   0x00000000   Code   RO          761    .ARM.Collect$$_printf_percent$$00000000  c_w.l(_printf_percent.o)
    0x0800020c   0x0800020c   0x00000006   Code   RO          760    .ARM.Collect$$_printf_percent$$00000009  c_w.l(_printf_d.o)
    0x08000212   0x08000212   0x00000006   Code   RO          759    .ARM.Collect$$_printf_percent$$00000014  c_w.l(_printf_s.o)
    0x08000218   0x08000218   0x00000004   Code   RO          871    .ARM.Collect$$_printf_percent$$00000017  c_w.l(_printf_percent_end.o)
    0x0800021c   0x0800021c   0x00000002   Code   RO         1154    .ARM.Collect$$libinit$$00000000  c_w.l(libinit.o)
    0x0800021e   0x0800021e   0x00000004   Code   RO          890    .ARM.Collect$$libinit$$00000001  c_w.l(libinit2.o)
    0x08000222   0x08000222   0x00000000   Code   RO          893    .ARM.Collect$$libinit$$00000004  c_w.l(libinit2.o)
    0x08000222   0x08000222   0x00000008   Code   RO          894    .ARM.Collect$$libinit$$00000005  c_w.l(libinit2.o)
    0x0800022a   0x0800022a   0x00000000   Code   RO          896    .ARM.Collect$$libinit$$0000000A  c_w.l(libinit2.o)
    0x0800022a   0x0800022a   0x00000000   Code   RO          898    .ARM.Collect$$libinit$$0000000C  c_w.l(libinit2.o)
    0x0800022a   0x0800022a   0x00000000   Code   RO          900    .ARM.Collect$$libinit$$0000000E  c_w.l(libinit2.o)
    0x0800022a   0x0800022a   0x00000006   Code   RO          901    .ARM.Collect$$libinit$$0000000F  c_w.l(libinit2.o)
    0x08000230   0x08000230   0x00000000   Code   RO          903    .ARM.Collect$$libinit$$00000011  c_w.l(libinit2.o)
    0x08000230   0x08000230   0x0000000c   Code   RO          904    .ARM.Collect$$libinit$$00000012  c_w.l(libinit2.o)
    0x0800023c   0x0800023c   0x00000000   Code   RO          905    .ARM.Collect$$libinit$$00000013  c_w.l(libinit2.o)
    0x0800023c   0x0800023c   0x00000000   Code   RO          907    .ARM.Collect$$libinit$$00000015  c_w.l(libinit2.o)
    0x0800023c   0x0800023c   0x00000000   Code   RO          909    .ARM.Collect$$libinit$$00000017  c_w.l(libinit2.o)
    0x0800023c   0x0800023c   0x00000000   Code   RO          911    .ARM.Collect$$libinit$$00000019  c_w.l(libinit2.o)
    0x0800023c   0x0800023c   0x00000000   Code   RO          913    .ARM.Collect$$libinit$$0000001B  c_w.l(libinit2.o)
    0x0800023c   0x0800023c   0x00000000   Code   RO          915    .ARM.Collect$$libinit$$0000001D  c_w.l(libinit2.o)
    0x0800023c   0x0800023c   0x00000000   Code   RO          917    .ARM.Collect$$libinit$$0000001F  c_w.l(libinit2.o)
    0x0800023c   0x0800023c   0x00000000   Code   RO          919    .ARM.Collect$$libinit$$00000021  c_w.l(libinit2.o)
    0x0800023c   0x0800023c   0x00000000   Code   RO          921    .ARM.Collect$$libinit$$00000023  c_w.l(libinit2.o)
    0x0800023c   0x0800023c   0x00000004   Code   RO          922    .ARM.Collect$$libinit$$00000024  c_w.l(libinit2.o)
    0x08000240   0x08000240   0x00000000   Code   RO          923    .ARM.Collect$$libinit$$00000025  c_w.l(libinit2.o)
    0x08000240   0x08000240   0x00000000   Code   RO          927    .ARM.Collect$$libinit$$0000002C  c_w.l(libinit2.o)
    0x08000240   0x08000240   0x00000000   Code   RO          929    .ARM.Collect$$libinit$$0000002E  c_w.l(libinit2.o)
    0x08000240   0x08000240   0x00000000   Code   RO          931    .ARM.Collect$$libinit$$00000030  c_w.l(libinit2.o)
    0x08000240   0x08000240   0x00000000   Code   RO          933    .ARM.Collect$$libinit$$00000032  c_w.l(libinit2.o)
    0x08000240   0x08000240   0x00000002   Code   RO          934    .ARM.Collect$$libinit$$00000033  c_w.l(libinit2.o)
    0x08000242   0x08000242   0x00000002   Code   RO         1253    .ARM.Collect$$libshutdown$$00000000  c_w.l(libshutdown.o)
    0x08000244   0x08000244   0x00000000   Code   RO         1156    .ARM.Collect$$libshutdown$$00000002  c_w.l(libshutdown2.o)
    0x08000244   0x08000244   0x00000004   Code   RO         1157    .ARM.Collect$$libshutdown$$00000003  c_w.l(libshutdown2.o)
    0x08000248   0x08000248   0x00000000   Code   RO         1158    .ARM.Collect$$libshutdown$$00000004  c_w.l(libshutdown2.o)
    0x08000248   0x08000248   0x00000000   Code   RO         1161    .ARM.Collect$$libshutdown$$00000007  c_w.l(libshutdown2.o)
    0x08000248   0x08000248   0x00000000   Code   RO         1164    .ARM.Collect$$libshutdown$$0000000A  c_w.l(libshutdown2.o)
    0x08000248   0x08000248   0x00000000   Code   RO         1166    .ARM.Collect$$libshutdown$$0000000C  c_w.l(libshutdown2.o)
    0x08000248   0x08000248   0x00000000   Code   RO         1169    .ARM.Collect$$libshutdown$$0000000F  c_w.l(libshutdown2.o)
    0x08000248   0x08000248   0x00000002   Code   RO         1170    .ARM.Collect$$libshutdown$$00000010  c_w.l(libshutdown2.o)
    0x0800024a   0x0800024a   0x00000000   Code   RO          831    .ARM.Collect$$rtentry$$00000000  c_w.l(__rtentry.o)
    0x0800024a   0x0800024a   0x00000000   Code   RO         1025    .ARM.Collect$$rtentry$$00000002  c_w.l(__rtentry2.o)
    0x0800024a   0x0800024a   0x00000006   Code   RO         1037    .ARM.Collect$$rtentry$$00000004  c_w.l(__rtentry4.o)
    0x08000250   0x08000250   0x00000000   Code   RO         1027    .ARM.Collect$$rtentry$$00000009  c_w.l(__rtentry2.o)
    0x08000250   0x08000250   0x00000004   Code   RO         1028    .ARM.Collect$$rtentry$$0000000A  c_w.l(__rtentry2.o)
    0x08000254   0x08000254   0x00000000   Code   RO         1030    .ARM.Collect$$rtentry$$0000000C  c_w.l(__rtentry2.o)
    0x08000254   0x08000254   0x00000008   Code   RO         1031    .ARM.Collect$$rtentry$$0000000D  c_w.l(__rtentry2.o)
    0x0800025c   0x0800025c   0x00000002   Code   RO         1173    .ARM.Collect$$rtexit$$00000000  c_w.l(rtexit.o)
    0x0800025e   0x0800025e   0x00000000   Code   RO         1216    .ARM.Collect$$rtexit$$00000002  c_w.l(rtexit2.o)
    0x0800025e   0x0800025e   0x00000004   Code   RO         1217    .ARM.Collect$$rtexit$$00000003  c_w.l(rtexit2.o)
    0x08000262   0x08000262   0x00000006   Code   RO         1218    .ARM.Collect$$rtexit$$00000004  c_w.l(rtexit2.o)
    0x08000268   0x08000268   0x000000d4   Code   RO           15    .text               assembly.o
    0x0800033c   0x0800033c   0x00000040   Code   RO          646  * .text               startup_stm32f411xe.o
    0x0800037c   0x0800037c   0x0000005e   Code   RO          671    .text               c_w.l(h1_alloc.o)
    0x080003da   0x080003da   0x00000002   PAD
    0x080003dc   0x080003dc   0x00000018   Code   RO          729    .text               c_w.l(noretval__2printf.o)
    0x080003f4   0x080003f4   0x00000028   Code   RO          731    .text               c_w.l(noretval__2sprintf.o)
    0x0800041c   0x0800041c   0x00000068   Code   RO          733    .text               c_w.l(__printf.o)
    0x08000484   0x08000484   0x00000052   Code   RO          735    .text               c_w.l(_printf_str.o)
    0x080004d6   0x080004d6   0x00000002   PAD
    0x080004d8   0x080004d8   0x00000078   Code   RO          737    .text               c_w.l(_printf_dec.o)
    0x08000550   0x08000550   0x00000020   Code   RO          762    .text               c_w.l(__0scanf.o)
    0x08000570   0x08000570   0x000000e0   Code   RO          764    .text               c_w.l(_scanf_str.o)
    0x08000650   0x08000650   0x0000002c   Code   RO          766    .text               c_w.l(puts.o)
    0x0800067c   0x0800067c   0x00000018   Code   RO          768    .text               c_w.l(strcat.o)
    0x08000694   0x08000694   0x00000064   Code   RO          770    .text               c_w.l(rt_memcpy_w.o)
    0x080006f8   0x080006f8   0x0000007c   Code   RO          772    .text               c_w.l(strcmpv7em.o)
    0x08000774   0x08000774   0x00000006   Code   RO          774    .text               c_w.l(heapauxi.o)
    0x0800077a   0x0800077a   0x00000002   PAD
    0x0800077c   0x0800077c   0x00000008   Code   RO          835    .text               c_w.l(rt_heap_descriptor_intlibspace.o)
    0x08000784   0x08000784   0x00000004   Code   RO          837    .text               c_w.l(hguard.o)
    0x08000788   0x08000788   0x0000008a   Code   RO          839    .text               c_w.l(init_alloc.o)
    0x08000812   0x08000812   0x0000000e   Code   RO          845    .text               c_w.l(h1_init.o)
    0x08000820   0x08000820   0x0000004e   Code   RO          847    .text               c_w.l(h1_free.o)
    0x0800086e   0x0800086e   0x000000b2   Code   RO          861    .text               c_w.l(_printf_intcommon.o)
    0x08000920   0x08000920   0x00000030   Code   RO          863    .text               c_w.l(_printf_char_common.o)
    0x08000950   0x08000950   0x0000000a   Code   RO          865    .text               c_w.l(_sputc.o)
    0x0800095a   0x0800095a   0x0000002c   Code   RO          867    .text               c_w.l(_printf_char.o)
    0x08000986   0x08000986   0x00000002   PAD
    0x08000988   0x08000988   0x00000024   Code   RO          869    .text               c_w.l(_printf_char_file.o)
    0x080009ac   0x080009ac   0x00000018   Code   RO          872    .text               c_w.l(scanf_char_file.o)
    0x080009c4   0x080009c4   0x0000000c   Code   RO         1015    .text               c_w.l(sys_exit.o)
    0x080009d0   0x080009d0   0x00000008   Code   RO         1021    .text               c_w.l(libspace.o)
    0x080009d8   0x080009d8   0x00000000   Code   RO         1041    .text               c_w.l(maybetermalloc1.o)
    0x080009d8   0x080009d8   0x00000034   Code   RO         1043    .text               c_w.l(h1_extend.o)
    0x08000a0c   0x08000a0c   0x0000002c   Code   RO         1049    .text               c_w.l(scanf_char.o)
    0x08000a38   0x08000a38   0x00000048   Code   RO         1051    .text               c_w.l(backspace.o)
    0x08000a80   0x08000a80   0x00000008   Code   RO         1053    .text               c_w.l(ferror.o)
    0x08000a88   0x08000a88   0x000001d6   Code   RO         1059    .text               c_w.l(flsbuf.o)
    0x08000c5e   0x08000c5e   0x00000002   PAD
    0x08000c60   0x08000c60   0x00000138   Code   RO         1061    .text               c_w.l(initio.o)
    0x08000d98   0x08000d98   0x0000000e   Code   RO         1075    .text               c_w.l(defsig_rtmem_outer.o)
    0x08000da6   0x08000da6   0x0000004e   Code   RO         1081    .text               c_w.l(rt_memclr_w.o)
    0x08000df4   0x08000df4   0x00000002   Code   RO         1093    .text               c_w.l(use_no_semi.o)
    0x08000df6   0x08000df6   0x00000000   Code   RO         1095    .text               c_w.l(indicate_semi.o)
    0x08000df6   0x08000df6   0x0000004a   Code   RO         1096    .text               c_w.l(sys_stackheap_outer.o)
    0x08000e40   0x08000e40   0x00000012   Code   RO         1102    .text               c_w.l(isspace.o)
    0x08000e52   0x08000e52   0x00000002   PAD
    0x08000e54   0x08000e54   0x00000374   Code   RO         1106    .text               c_w.l(_scanf.o)
    0x080011c8   0x080011c8   0x0000023a   Code   RO         1108    .text               c_w.l(filbuf.o)
    0x08001402   0x08001402   0x00000046   Code   RO         1110    .text               c_w.l(setvbuf.o)
    0x08001448   0x08001448   0x000000f0   Code   RO         1112    .text               c_w.l(stdio.o)
    0x08001538   0x08001538   0x00000048   Code   RO         1114    .text               c_w.l(ungetc.o)
    0x08001580   0x08001580   0x000000f0   Code   RO         1119    .text               c_w.l(fopen.o)
    0x08001670   0x08001670   0x0000004c   Code   RO         1121    .text               c_w.l(fclose.o)
    0x080016bc   0x080016bc   0x00000012   Code   RO         1131    .text               c_w.l(exit.o)
    0x080016ce   0x080016ce   0x0000000a   Code   RO         1133    .text               c_w.l(defsig_exit.o)
    0x080016d8   0x080016d8   0x0000000e   Code   RO         1137    .text               c_w.l(defsig_rtred_outer.o)
    0x080016e6   0x080016e6   0x00000002   PAD
    0x080016e8   0x080016e8   0x00000050   Code   RO         1141    .text               c_w.l(defsig_rtmem_inner.o)
    0x08001738   0x08001738   0x00000010   Code   RO         1175    .text               c_w.l(rt_ctype_table.o)
    0x08001748   0x08001748   0x00000064   Code   RO         1183    .text               c_w.l(fflush.o)
    0x080017ac   0x080017ac   0x000000f8   Code   RO         1187    .text               c_w.l(fseek.o)
    0x080018a4   0x080018a4   0x00000038   Code   RO         1193    .text               c_w.l(flushlinebuffered.o)
    0x080018dc   0x080018dc   0x00000032   Code   RO         1207    .text               c_w.l(defsig_general.o)
    0x0800190e   0x0800190e   0x00000002   PAD
    0x08001910   0x08001910   0x00000034   Code   RO         1209    .text               c_w.l(defsig_rtred_inner.o)
    0x08001944   0x08001944   0x0000000e   Code   RO         1211    .text               c_w.l(sys_wrch.o)
    0x08001952   0x08001952   0x00000002   PAD
    0x08001954   0x08001954   0x00000008   Code   RO         1225    .text               c_w.l(rt_locale_intlibspace.o)
    0x0800195c   0x0800195c   0x00000042   Code   RO         1227    .text               c_w.l(ftell.o)
    0x0800199e   0x0800199e   0x00000002   PAD
    0x080019a0   0x080019a0   0x00000008   Code   RO         1237    .text               c_w.l(rt_errno_addr_intlibspace.o)
    0x080019a8   0x080019a8   0x00000068   Code   RO          119    .text.EXTI0_IRQHandler  gpio.o
    0x08001a10   0x08001a10   0x00000068   Code   RO          133    .text.EXTI15_10_IRQHandler  gpio.o
    0x08001a78   0x08001a78   0x00000068   Code   RO          123    .text.EXTI1_IRQHandler  gpio.o
    0x08001ae0   0x08001ae0   0x00000068   Code   RO          125    .text.EXTI2_IRQHandler  gpio.o
    0x08001b48   0x08001b48   0x00000068   Code   RO          127    .text.EXTI3_IRQHandler  gpio.o
    0x08001bb0   0x08001bb0   0x00000068   Code   RO          129    .text.EXTI4_IRQHandler  gpio.o
    0x08001c18   0x08001c18   0x00000068   Code   RO          131    .text.EXTI9_5_IRQHandler  gpio.o
    0x08001c80   0x08001c80   0x00000086   Code   RO          280    .text.GPIO_Init     stm32f4xx_gpio.o
    0x08001d06   0x08001d06   0x00000002   PAD
    0x08001d08   0x08001d08   0x00000028   Code   RO          304    .text.GPIO_PinAFConfig  stm32f4xx_gpio.o
    0x08001d30   0x08001d30   0x00000020   Code   RO          610    .text.ITM_ReceiveChar  retarget_io.o
    0x08001d50   0x08001d50   0x0000002e   Code   RO          608    .text.ITM_SendChar  retarget_io.o
    0x08001d7e   0x08001d7e   0x00000002   PAD
    0x08001d80   0x08001d80   0x00000018   Code   RO          438    .text.RCC_AHB1PeriphClockCmd  stm32f4xx_rcc.o
    0x08001d98   0x08001d98   0x00000018   Code   RO          444    .text.RCC_APB1PeriphClockCmd  stm32f4xx_rcc.o
    0x08001db0   0x08001db0   0x00000096   Code   RO          428    .text.RCC_GetClocksFreq  stm32f4xx_rcc.o
    0x08001e46   0x08001e46   0x00000002   PAD
    0x08001e48   0x08001e48   0x00000010   Code   RO          567    .text.SysTick_Handler  timer.o
    0x08001e58   0x08001e58   0x00000056   Code   RO          653    .text.SystemInit    system_stm32f4xx.o
    0x08001eae   0x08001eae   0x00000002   PAD
    0x08001eb0   0x08001eb0   0x00000028   Code   RO          597    .text.USART2_IRQHandler  uart.o
    0x08001ed8   0x08001ed8   0x00000016   Code   RO          495    .text.USART_Cmd     stm32f4xx_usart.o
    0x08001eee   0x08001eee   0x00000002   PAD
    0x08001ef0   0x08001ef0   0x0000000a   Code   RO          535    .text.USART_GetFlagStatus  stm32f4xx_usart.o
    0x08001efa   0x08001efa   0x00000002   PAD
    0x08001efc   0x08001efc   0x000000c8   Code   RO          487    .text.USART_Init    stm32f4xx_usart.o
    0x08001fc4   0x08001fc4   0x00000008   Code   RO          505    .text.USART_ReceiveData  stm32f4xx_usart.o
    0x08001fcc   0x08001fcc   0x00000008   Code   RO          503    .text.USART_SendData  stm32f4xx_usart.o
    0x08001fd4   0x08001fd4   0x00000020   Code   RO          121    .text.__NVIC_ClearPendingIRQ  gpio.o
    0x08001ff4   0x08001ff4   0x0000000e   Code   RO          591    .text.__NVIC_ClearPendingIRQ  uart.o
    0x08002002   0x08002002   0x00000002   PAD
    0x08002004   0x08002004   0x00000012   Code   RO          614    .text._sys_close    retarget_io.o
    0x08002016   0x08002016   0x00000002   PAD
    0x08002018   0x08002018   0x00000004   Code   RO          630    .text._sys_flen     retarget_io.o
    0x0800201c   0x0800201c   0x00000010   Code   RO          626    .text._sys_istty    retarget_io.o
    0x0800202c   0x0800202c   0x00000064   Code   RO          612    .text._sys_open     retarget_io.o
    0x08002090   0x08002090   0x00000028   Code   RO          622    .text._sys_read     retarget_io.o
    0x080020b8   0x080020b8   0x00000006   Code   RO          628    .text._sys_seek     retarget_io.o
    0x080020be   0x080020be   0x00000002   PAD
    0x080020c0   0x080020c0   0x00000042   Code   RO          616    .text._sys_write    retarget_io.o
    0x08002102   0x08002102   0x00000002   PAD
    0x08002104   0x08002104   0x000000f8   Code   RO            2    .text.main          main.o
    0x080021fc   0x080021fc   0x00000008   Code   RO          620    .text.stderr_putchar  retarget_io.o
    0x08002204   0x08002204   0x0000000e   Code   RO          624    .text.stdin_getchar  retarget_io.o
    0x08002212   0x08002212   0x00000002   PAD
    0x08002214   0x08002214   0x00000008   Code   RO          618    .text.stdout_putchar  retarget_io.o
    0x0800221c   0x0800221c   0x00000012   Code   RO          581    .text.uart_enable   uart.o
    0x0800222e   0x0800222e   0x00000002   PAD
    0x08002230   0x08002230   0x00000060   Code   RO          579    .text.uart_init     uart.o
    0x08002290   0x08002290   0x0000001c   Code   RO          583    .text.uart_print    uart.o
    0x080022ac   0x080022ac   0x00000022   Code   RO          595    .text.uart_rx       uart.o
    0x080022ce   0x080022ce   0x00000002   PAD
    0x080022d0   0x080022d0   0x00000022   Code   RO          585    .text.uart_tx       uart.o
    0x080022f2   0x080022f2   0x00000018   Code   RO         1056    i.fgetc             c_w.l(fgetc.o)
    0x0800230a   0x0800230a   0x0000001a   Code   RO          875    i.fputc             c_w.l(fputc.o)
    0x08002324   0x08002324   0x0000002c   Code   RO         1230    locale$$code        c_w.l(lc_ctype_c.o)
    0x08002350   0x08002350   0x0000001a   Code   RO         1090    x$fpl$fpinit        fz_wm.l(fpinit.o)
    0x0800236a   0x0800236a   0x00000002   PAD
    0x0800236c   0x0800236c   0x00000064   Data   RO            6    .rodata..L__const.main.str1  main.o
    0x080023d0   0x080023d0   0x00000064   Data   RO            7    .rodata..L__const.main.str3  main.o
    0x08002434   0x08002434   0x00000010   Data   RO          476    .rodata.APBAHBPrescTable  stm32f4xx_rcc.o
    0x08002444   0x08002444   0x00000008   Data   RO          635    .rodata.__stderr_name  retarget_io.o
    0x0800244c   0x0800244c   0x00000007   Data   RO          633    .rodata.__stdin_name  retarget_io.o
    0x08002453   0x08002453   0x00000008   Data   RO          634    .rodata.__stdout_name  retarget_io.o
    0x0800245b   0x0800245b   0x00000014   Data   RO            5    .rodata.str1.1      main.o
    0x0800246f   0x0800246f   0x00000001   PAD
    0x08002470   0x08002470   0x00000020   Data   RO         1255    Region$$Table       anon$$obj.o
    0x08002490   0x08002490   0x00000110   Data   RO         1229    locale$$data        c_w.l(lc_ctype_c.o)


    Execution Region ER_RW (Exec base: 0x20000000, Load base: 0x080025a0, Size: 0x0000002c, Max: 0xffffffff, ABSOLUTE)

    Exec Addr    Load Addr    Size         Type   Attr      Idx    E Section Name        Object

    0x20000000   0x080025a0   0x00000004   Data   RW          881    .data               c_w.l(stdio_streams.o)
    0x20000004   0x080025a4   0x00000004   Data   RW          882    .data               c_w.l(stdio_streams.o)
    0x20000008   0x080025a8   0x00000004   Data   RW          883    .data               c_w.l(stdio_streams.o)
    0x2000000c   0x080025ac   0x00000004   Data   RW          632    .data.ITM_RxBuffer  retarget_io.o
    0x20000010   0x080025b0   0x0000001a   Data   RW            4    .data.lookup_table  main.o


    Execution Region ER_ZI (Exec base: 0x20000030, Load base: 0x080025cc, Size: 0x00000778, Max: 0xffffffff, ABSOLUTE)

    Exec Addr    Load Addr    Size         Type   Attr      Idx    E Section Name        Object

    0x20000030        -       0x00000054   Zero   RW          878    .bss                c_w.l(stdio_streams.o)
    0x20000084        -       0x00000054   Zero   RW          879    .bss                c_w.l(stdio_streams.o)
    0x200000d8        -       0x00000054   Zero   RW          880    .bss                c_w.l(stdio_streams.o)
    0x2000012c        -       0x00000060   Zero   RW         1022    .bss                c_w.l(libspace.o)
    0x2000018c        -       0x00000004   Zero   RW          139    .bss.GPIO_callback  gpio.o
    0x20000190        -       0x00000004   Zero   RW          137    .bss.IRQ_pin_index  gpio.o
    0x20000194        -       0x00000004   Zero   RW          136    .bss.IRQ_port_num   gpio.o
    0x20000198        -       0x00000004   Zero   RW          135    .bss.IRQ_status     gpio.o
    0x2000019c        -       0x00000004   Zero   RW          599    .bss.UART_callback  uart.o
    0x200001a0        -       0x00000004   Zero   RW          569    .bss.timer_callback  timer.o
    0x200001a4   0x080025cc   0x00000004   PAD
    0x200001a8        -       0x00000200   Zero   RW          644    HEAP                startup_stm32f411xe.o
    0x200003a8        -       0x00000400   Zero   RW          643    STACK               startup_stm32f411xe.o


==============================================================================

Image component sizes


      Code (inc. data)   RO Data    RW Data    ZI Data      Debug   Object Name

       212          4          0          0          0        736   assembly.o
       760          0          0          0         16      10541   gpio.o
       248         44        220         26          0        931   main.o
       358         24         23          4          0       3447   retarget_io.o
        64         26        408          0       1536        868   startup_stm32f411xe.o
       174          0          0          0          0       4491   stm32f4xx_gpio.o
       198          0         16          0          0      10712   stm32f4xx_rcc.o
       248          0          0          0          0       7452   stm32f4xx_usart.o
        86          0          0          0          0       2815   system_stm32f4xx.o
        16          0          0          0          4       4757   timer.o
       264          0          0          0          4       5989   uart.o

    ----------------------------------------------------------------------
      2654         98        700         32       1564      52739   Object Totals
         0          0         32          0          0          0   (incl. Generated)
        26          0          1          2          4          0   (incl. Padding)

    ----------------------------------------------------------------------

      Code (inc. data)   RO Data    RW Data    ZI Data      Debug   Library Member Name

        32          6          0          0          0         84   __0scanf.o
         8          0          0          0          0         68   __main.o
       104          0          0          0          0         84   __printf.o
         0          0          0          0          0          0   __rtentry.o
        12          0          0          0          0          0   __rtentry2.o
         6          0          0          0          0          0   __rtentry4.o
        52          8          0          0          0          0   __scatter.o
        26          0          0          0          0          0   __scatter_copy.o
        28          0          0          0          0          0   __scatter_zi.o
        44          0          0          0          0        108   _printf_char.o
        48          6          0          0          0         96   _printf_char_common.o
        36          4          0          0          0         80   _printf_char_file.o
         6          0          0          0          0          0   _printf_d.o
       120         16          0          0          0         92   _printf_dec.o
       178          0          0          0          0         88   _printf_intcommon.o
         0          0          0          0          0          0   _printf_percent.o
         4          0          0          0          0          0   _printf_percent_end.o
         6          0          0          0          0          0   _printf_s.o
        82          0          0          0          0         80   _printf_str.o
       884          6          0          0          0        100   _scanf.o
       224          0          0          0          0         96   _scanf_str.o
        10          0          0          0          0         68   _sputc.o
        72          0          0          0          0         92   backspace.o
        10          0          0          0          0         68   defsig_exit.o
        50          0          0          0          0         88   defsig_general.o
        80         58          0          0          0         76   defsig_rtmem_inner.o
        14          0          0          0          0         80   defsig_rtmem_outer.o
        52         38          0          0          0         76   defsig_rtred_inner.o
        14          0          0          0          0         80   defsig_rtred_outer.o
        18          0          0          0          0         80   exit.o
        76          0          0          0          0         88   fclose.o
         8          0          0          0          0         68   ferror.o
       100          4          0          0          0        120   fflush.o
        24          0          0          0          0         68   fgetc.o
       570          0          0          0          0        132   filbuf.o
       470          0          0          0          0         88   flsbuf.o
        56          6          0          0          0         80   flushlinebuffered.o
       240          6          0          0          0        128   fopen.o
        26          0          0          0          0         68   fputc.o
       248          6          0          0          0         84   fseek.o
        66          0          0          0          0         76   ftell.o
        94          0          0          0          0         80   h1_alloc.o
        52          0          0          0          0         68   h1_extend.o
        78          0          0          0          0         80   h1_free.o
        14          0          0          0          0         84   h1_init.o
         6          0          0          0          0        152   heapauxi.o
         4          0          0          0          0        136   hguard.o
         0          0          0          0          0          0   indicate_semi.o
       138          0          0          0          0        168   init_alloc.o
       312         46          0          0          0        112   initio.o
        18          0          0          0          0         76   isspace.o
        44         10        272          0          0         76   lc_ctype_c.o
         2          0          0          0          0          0   libinit.o
        36          0          0          0          0          0   libinit2.o
         2          0          0          0          0          0   libshutdown.o
         6          0          0          0          0          0   libshutdown2.o
         8          4          0          0         96         68   libspace.o
         0          0          0          0          0          0   maybetermalloc1.o
        24          4          0          0          0         84   noretval__2printf.o
        40          6          0          0          0         84   noretval__2sprintf.o
        44          4          0          0          0         84   puts.o
        16          4          0          0          0         76   rt_ctype_table.o
         8          4          0          0          0         68   rt_errno_addr_intlibspace.o
         8          4          0          0          0         68   rt_heap_descriptor_intlibspace.o
         8          4          0          0          0         68   rt_locale_intlibspace.o
        78          0          0          0          0         80   rt_memclr_w.o
       100          0          0          0          0         80   rt_memcpy_w.o
         2          0          0          0          0          0   rtexit.o
        10          0          0          0          0          0   rtexit2.o
        44          8          0          0          0         84   scanf_char.o
        24          8          0          0          0         68   scanf_char_file.o
        70          0          0          0          0         80   setvbuf.o
       240          6          0          0          0        156   stdio.o
         0          0          0         12        252          0   stdio_streams.o
        24          0          0          0          0         68   strcat.o
       124          0          0          0          0         88   strcmpv7em.o
        12          4          0          0          0         68   sys_exit.o
        74          0          0          0          0         80   sys_stackheap_outer.o
        14          0          0          0          0         76   sys_wrch.o
        72         12          0          0          0         68   ungetc.o
         2          0          0          0          0         68   use_no_semi.o
        26          0          0          0          0        116   fpinit.o

    ----------------------------------------------------------------------
      6006        292        272         12        348       5496   Library Totals
        24          0          0          0          0          0   (incl. Padding)

    ----------------------------------------------------------------------

      Code (inc. data)   RO Data    RW Data    ZI Data      Debug   Library Name

      5956        292        272         12        348       5380   c_w.l
        26          0          0          0          0        116   fz_wm.l

    ----------------------------------------------------------------------
      6006        292        272         12        348       5496   Library Totals

    ----------------------------------------------------------------------

==============================================================================


      Code (inc. data)   RO Data    RW Data    ZI Data      Debug   

      8660        390        972         44       1912      55039   Grand Totals
      8660        390        972         44       1912      55039   ELF Image Totals
      8660        390        972         44          0          0   ROM Totals

==============================================================================

    Total RO  Size (Code + RO Data)                 9632 (   9.41kB)
    Total RW  Size (RW Data + ZI Data)              1956 (   1.91kB)
    Total ROM Size (Code + RO Data + RW Data)       9676 (   9.45kB)

==============================================================================

